
Running 31 tests using 1 worker

  ✓   1 tests/browser/items.spec.ts:224:1 › the panel shows the player slots, the crafting grid and a searchable recipe book (11.9s)
  ✓   2 tests/browser/items.spec.ts:252:1 › clicks move items through the grid and the cursor without losing one (36.4s)
  ✓   3 tests/browser/items.spec.ts:294:1 › a double chest and a furnace keep their contents across a save and reload (1.4m)
  ✓   4 tests/browser/items.spec.ts:391:1 › death drops everything and the world keeps every stack on the ground (24.9s)
  ✓   5 tests/browser/lab.spec.ts:38:1 › loads a real world without runtime errors and runs the identical Node/Worker fixture (8.3s)
  ✓   6 tests/browser/lab.spec.ts:54:1 › moves, jumps, selects a hotbar slot, flies and actually pauses the simulation (11.1s)
  ✓   7 tests/browser/lab.spec.ts:90:1 › places and breaks real blocks, and chooses a palette material (30.3s)
  ✓   8 tests/browser/lab.spec.ts:117:1 › has functioning settings, reset confirmation, new seed and diagnostic export (19.0s)
  ✓   9 tests/browser/lab.spec.ts:143:1 › still plays when pointer lock is forbidden by an embedding browser (18.6s)
  ✓  10 tests/browser/lab.spec.ts:175:1 › responsive menu fits a narrow viewport without horizontal overflow (7.6s)
  ✓  11 tests/browser/saves.spec.ts:128:1 › saves to IndexedDB with Ctrl+S and restores the block after a full page reload (31.0s)
  ✓  12 tests/browser/saves.spec.ts:180:1 › exports a portable world file, imports it as a new world, and rejects foreign files (23.0s)
  ✓  13 tests/browser/saves.spec.ts:272:1 › an exported file opens the same world in a clean browser profile (44.8s)
  ✓  14 tests/browser/saves.spec.ts:326:1 › a failed write keeps the last good revision, reports it, and can be retried (42.8s)
  ✓  15 tests/browser/saves.spec.ts:413:1 › a corrupt latest snapshot opens the previous verified copy and rebases on save (27.9s)
  ✓  16 tests/browser/saves.spec.ts:475:1 › library creates, renames, duplicates and deletes worlds without losing others (19.0s)
  ✓  17 tests/browser/saves.spec.ts:535:1 › an idle running world does not burn save revisions (16.3s)
  ✓  18 tests/browser/standalone.spec.ts:6:1 › the downloaded file keeps a saved world across a reload (26.4s)
  ✓  19 tests/browser/standalone.spec.ts:54:1 › production HTML boots in an opaque allow-scripts iframe with no network (24.5s)
  ✓  20 tests/browser/stations.spec.ts:115:1 › the brewing stand fills, brews and hands the potion over (1.0m)
  ✓  21 tests/browser/stations.spec.ts:169:1 › the enchanting table reads the levels, spends them and enchants the item in its slot (31.3s)
  ✓  22 tests/browser/stations.spec.ts:221:1 › the anvil merges two swords into one and charges its reference price in levels (25.7s)
  ✓  23 tests/browser/stations.spec.ts:257:1 › a lever, a wire and a lamp light up in the world that is really rendered (14.9s)
  ✓  24 tests/browser/survival.spec.ts:121:1 › the survival HUD draws health, hunger, armour and experience from real numbers (22.3s)
  ✓  25 tests/browser/survival.spec.ts:175:1 › a fatal fall raises the death screen and respawn brings the player back (21.2s)
  ✓  26 tests/browser/survival.spec.ts:217:1 › holding the button eats the meal and the effect shows up on the HUD (21.9s)
  ✓  27 tests/browser/survival.spec.ts:274:1 › the world spawns its own creatures, and the suite can pin that off (28.3s)
  ✓  28 tests/browser/survival.spec.ts:294:1 › a sword, a bow and a hostile creature fight with real damage numbers (46.3s)
  ✓  29 tests/browser/survival.spec.ts:344:1 › health, hunger, the clock and the creatures survive a save and a reload (19.9s)
  ✓  30 tests/browser/survival.spec.ts:419:1 › a bed sleeps only at night and moves the respawn point (16.4s)
  ✓  31 tests/browser/survival.spec.ts:495:1 › the difficulty chosen in the menu decides how hard the creatures hit (16.4s)

  31 passed (13.9m)
EXIT=0
