
> voxel-web-lab@0.6.0 check
> npm run format:check && npm run typecheck && npm run lint && npm test && npm run build


> voxel-web-lab@0.6.0 format:check
> prettier --check apps packages tests scripts *.json *.ts

Checking formatting...
All matched files use Prettier code style!

> voxel-web-lab@0.6.0 typecheck
> tsc --noEmit


> voxel-web-lab@0.6.0 lint
> eslint .


> voxel-web-lab@0.6.0 test
> vitest run


[1m[30m[46m RUN [49m[39m[22m [36mv4.1.11 [39m[90m/home/user[39m

 [32m✓[39m tests/unit/inventory.test.ts [2m([22m[2m25 tests[22m[2m)[22m[33m 2124[2mms[22m[39m
     [33m[2m✓[22m[39m never duplicates or loses items across thousands of random slot operations [33m 2057[2mms[22m[39m
 [32m✓[39m tests/unit/e14-worldgen.test.ts [2m([22m[2m12 tests[22m[2m)[22m[33m 1312[2mms[22m[39m
     [33m[2m✓[22m[39m builds a floor, hides ore in its depth band and never floods above the sea [33m 523[2mms[22m[39m
     [33m[2m✓[22m[39m plans several kinds of structure and paints them into the column [33m 371[2mms[22m[39m
 [32m✓[39m tests/unit/e11-mobs.test.ts [2m([22m[2m11 tests[22m[2m)[22m[33m 568[2mms[22m[39m
 [32m✓[39m tests/unit/e09-physics.test.ts [2m([22m[2m11 tests[22m[2m)[22m[33m 454[2mms[22m[39m
 [32m✓[39m tests/unit/e10-farming.test.ts [2m([22m[2m9 tests[22m[2m)[22m[33m 354[2mms[22m[39m
 [32m✓[39m tests/unit/e13-redstone.test.ts [2m([22m[2m13 tests[22m[2m)[22m[33m 311[2mms[22m[39m
 [32m✓[39m tests/unit/simulation.test.ts [2m([22m[2m16 tests[22m[2m)[22m[32m 244[2mms[22m[39m
 [32m✓[39m tests/unit/e07-acceptance.test.ts [2m([22m[2m4 tests[22m[2m)[22m[32m 239[2mms[22m[39m
 [32m✓[39m tests/unit/e12-stations.test.ts [2m([22m[2m9 tests[22m[2m)[22m[32m 192[2mms[22m[39m
 [32m✓[39m tests/unit/e08-acceptance.test.ts [2m([22m[2m13 tests[22m[2m)[22m[32m 140[2mms[22m[39m
 [32m✓[39m tests/unit/save-repository.test.ts [2m([22m[2m23 tests[22m[2m)[22m[32m 131[2mms[22m[39m
 [32m✓[39m tests/unit/terrain-mesher.test.ts [2m([22m[2m12 tests[22m[2m)[22m[32m 128[2mms[22m[39m
 [32m✓[39m tests/unit/save-format.test.ts [2m([22m[2m36 tests[22m[2m)[22m[32m 93[2mms[22m[39m
 [32m✓[39m tests/unit/mobs.test.ts [2m([22m[2m10 tests[22m[2m)[22m[32m 99[2mms[22m[39m
 [32m✓[39m tests/unit/coordinates.test.ts [2m([22m[2m22 tests[22m[2m)[22m[32m 86[2mms[22m[39m
 [32m✓[39m tests/unit/save-session.test.ts [2m([22m[2m8 tests[22m[2m)[22m[32m 52[2mms[22m[39m
 [32m✓[39m tests/unit/containers.test.ts [2m([22m[2m13 tests[22m[2m)[22m[32m 52[2mms[22m[39m
 [32m✓[39m tests/unit/world.test.ts [2m([22m[2m11 tests[22m[2m)[22m[32m 35[2mms[22m[39m
 [32m✓[39m tests/unit/item-entities.test.ts [2m([22m[2m11 tests[22m[2m)[22m[32m 42[2mms[22m[39m
 [32m✓[39m tests/unit/crafting.test.ts [2m([22m[2m17 tests[22m[2m)[22m[32m 30[2mms[22m[39m
 [32m✓[39m tests/unit/survival.test.ts [2m([22m[2m15 tests[22m[2m)[22m[32m 15[2mms[22m[39m
 [32m✓[39m tests/unit/clock-random.test.ts [2m([22m[2m22 tests[22m[2m)[22m[32m 13[2mms[22m[39m
 [32m✓[39m tests/unit/mining.test.ts [2m([22m[2m8 tests[22m[2m)[22m[32m 13[2mms[22m[39m
 [32m✓[39m tests/unit/combat.test.ts [2m([22m[2m8 tests[22m[2m)[22m[32m 12[2mms[22m[39m

[2m Test Files [22m [1m[32m24 passed[39m[22m[90m (24)[39m
[2m      Tests [22m [1m[32m339 passed[39m[22m[90m (339)[39m
[2m   Start at [22m 14:56:58
[2m   Duration [22m 12.52s[2m (transform 1.00s, setup 0ms, import 2.37s, tests 6.74s, environment 5ms)[22m


> voxel-web-lab@0.6.0 build
> tsc --noEmit && vite build

vite v7.3.6 building client environment for production...
transforming...
✓ 54 modules transformed.
rendering chunks...
computing gzip size...
../../dist/index.html                              1.06 kB │ gzip:   0.66 kB
../../dist/assets/simulation.worker-SFjcViBR.js  193.34 kB
../../dist/assets/index-D6KgujO0.css              39.37 kB │ gzip:   9.34 kB
../../dist/assets/index-BcYUvxaU.js              808.72 kB │ gzip: 226.25 kB

(!) Some chunks are larger than 650 kB after minification. Consider:
- Using dynamic import() to code-split the application
- Use build.rollupOptions.output.manualChunks to improve chunking: https://rollupjs.org/configuration-options/#output-manualchunks
- Adjust chunk size limit for this warning via build.chunkSizeWarningLimit.
✓ built in 4.33s
